// Jest Snapshot v1, https://goo.gl/fbAQLP

exports[`checkout-engine/checkout-form Should render 1`] = `
"<!-- wp:checkout-engine/checkout-form -->
<div class=\\"wp-block-checkout-engine-checkout-form\\"><!-- wp:checkout-engine/button /-->

<!-- wp:checkout-engine/button /--></div>
<!-- /wp:checkout-engine/checkout-form -->"
`;
